// Jest Snapshot v1, https://goo.gl/fbAQLP

exports[`renders AppBanner snapshot 1`] = `
<View
  style={
    {
      "alignItems": "center",
    }
  }
>
  <Image
    source={1}
    style={
      {
        "width": 750,
      }
    }
  />
</View>
`;
